17:19:14 **** Build of project standalone_bsp_0 ****
make -k all 
Running Make include in microblaze_I/libsrc/bram_v4_1/src
make -C microblaze_I/libsrc/bram_v4_1/src -s include  "SHELL=/bin/sh" "COMPILER=mb-gcc" "ARCHIVER=mb-ar" "COMPILER_FLAGS= -O2 -c -mcpu=v9.6 -mlittle-endian -mno-xl-reorder -mxl-soft-mul" "EXTRA_COMPILER_FLAGS=-g"
Running Make include in microblaze_I/libsrc/cpu_v2_5/src
make -C microblaze_I/libsrc/cpu_v2_5/src -s include  "SHELL=/bin/sh" "COMPILER=mb-gcc" "ARCHIVER=mb-ar" "COMPILER_FLAGS= -O2 -c -mcpu=v9.6 -mlittle-endian -mno-xl-reorder -mxl-soft-mul" "EXTRA_COMPILER_FLAGS=-g"
Running Make include in microblaze_I/libsrc/iomodule_v2_3/src
make -C microblaze_I/libsrc/iomodule_v2_3/src -s include  "SHELL=/bin/sh" "COMPILER=mb-gcc" "ARCHIVER=mb-ar" "COMPILER_FLAGS= -O2 -c -mcpu=v9.6 -mlittle-endian -mno-xl-reorder -mxl-soft-mul" "EXTRA_COMPILER_FLAGS=-g"
Running Make include in microblaze_I/libsrc/standalone_v5_5/src
make -C microblaze_I/libsrc/standalone_v5_5/src -s include  "SHELL=/bin/sh" "COMPILER=mb-gcc" "ARCHIVER=mb-ar" "COMPILER_FLAGS= -O2 -c -mcpu=v9.6 -mlittle-endian -mno-xl-reorder -mxl-soft-mul" "EXTRA_COMPILER_FLAGS=-g"
Running Make libs in microblaze_I/libsrc/bram_v4_1/src
make -C microblaze_I/libsrc/bram_v4_1/src -s libs  "SHELL=/bin/sh" "COMPILER=mb-gcc" "ARCHIVER=mb-ar" "COMPILER_FLAGS= -O2 -c -mcpu=v9.6 -mlittle-endian -mno-xl-reorder -mxl-soft-mul" "EXTRA_COMPILER_FLAGS=-g"
Compiling bram
mb-ar: creating ../../../lib/libxil.a
Running Make libs in microblaze_I/libsrc/cpu_v2_5/src
make -C microblaze_I/libsrc/cpu_v2_5/src -s libs  "SHELL=/bin/sh" "COMPILER=mb-gcc" "ARCHIVER=mb-ar" "COMPILER_FLAGS= -O2 -c -mcpu=v9.6 -mlittle-endian -mno-xl-reorder -mxl-soft-mul" "EXTRA_COMPILER_FLAGS=-g"
Compiling cpu
Running Make libs in microblaze_I/libsrc/iomodule_v2_3/src
make -C microblaze_I/libsrc/iomodule_v2_3/src -s libs  "SHELL=/bin/sh" "COMPILER=mb-gcc" "ARCHIVER=mb-ar" "COMPILER_FLAGS= -O2 -c -mcpu=v9.6 -mlittle-endian -mno-xl-reorder -mxl-soft-mul" "EXTRA_COMPILER_FLAGS=-g"
Compiling iomodule
In file included from ../../../include/xstatus.h:53:0,
                 from xiomodule.h:256,
                 from xiomodule.c:58:
xiomodule.c: In function 'XIOModule_DiscreteRead':
../../../include/xil_assert.h:104:9: warning: 'return' with no value, in function returning non-void
         return;                                    \
         ^
xiomodule.c:767:2: note: in expansion of macro 'Xil_AssertVoid'
  Xil_AssertVoid((Channel >= 1) && (Channel <= XGPI_DEVICE_COUNT));
  ^
Running Make libs in microblaze_I/libsrc/standalone_v5_5/src
make -C microblaze_I/libsrc/standalone_v5_5/src -s libs  "SHELL=/bin/sh" "COMPILER=mb-gcc" "ARCHIVER=mb-ar" "COMPILER_FLAGS= -O2 -c -mcpu=v9.6 -mlittle-endian -mno-xl-reorder -mxl-soft-mul" "EXTRA_COMPILER_FLAGS=-g"
Compiling standalone
Finished building libraries
17:20:58 **** Build of configuration Debug for project monitor_null ****
make all 
Building file: ../src/helloworld.c
Invoking: MicroBlaze gcc compiler
mb-gcc -Wall -O0 -g3 -c -fmessage-length=0 -MT"src/helloworld.o" -I../../standalone_bsp_0/microblaze_I/include -mno-xl-reorder -mlittle-endian -mcpu=v9.6 -mxl-soft-mul -Wl,--no-relax -MMD -MP -MF"src/helloworld.d" -MT"src/helloworld.o" -o "src/helloworld.o" "../src/helloworld.c"
Finished building: ../src/helloworld.c
 
Building file: ../src/platform.c
Invoking: MicroBlaze gcc compiler
mb-gcc -Wall -O0 -g3 -c -fmessage-length=0 -MT"src/platform.o" -I../../standalone_bsp_0/microblaze_I/include -mno-xl-reorder -mlittle-endian -mcpu=v9.6 -mxl-soft-mul -Wl,--no-relax -MMD -MP -MF"src/platform.d" -MT"src/platform.o" -o "src/platform.o" "../src/platform.c"
Finished building: ../src/platform.c
 
Building target: monitor_null.elf
Invoking: MicroBlaze gcc linker
mb-gcc -Wl,-T -Wl,../src/lscript.ld -L../../standalone_bsp_0/microblaze_I/lib -mlittle-endian -mcpu=v9.6 -mxl-soft-mul -Wl,--no-relax -o "monitor_null.elf"  ./src/helloworld.o ./src/platform.o   -Wl,--start-group,-lxil,-lgcc,-lc,--end-group
Finished building target: monitor_null.elf
 
Invoking: MicroBlaze Print Size
mb-size monitor_null.elf  |tee "monitor_null.elf.size"
   text	   data	    bss	    dec	    hex	filename
   3292	    508	   3128	   6928	   1b10	monitor_null.elf
Finished building: monitor_null.elf.size
 
17:20:59 **** Auto Build of configuration Debug for project monitor_null ****
make all 
make: Nothing to be done for `all'.
